// Jest Snapshot v1, https://goo.gl/fbAQLP

exports[`given mode: "development", env: "undefined", argv: "{}" should match snapshot 1`] = `
Object {
  "mode": "development",
  "plugins": Array [
    Object {
      "apply": [Function],
      "name": "MyPluginOne",
    },
    Object {
      "apply": [Function],
      "name": "MyPluginTwo",
    },
  ],
}
`;
