// Jest Snapshot v1, https://goo.gl/fbAQLP

exports[`given mode: "development", env: "undefined", argv: "{}" given JsExtension should match snapshot 1`] = `
Object {
  "mode": "development",
  "resolve": Object {},
}
`;

exports[`given mode: "development", env: "undefined", argv: "{}" given ResolveExtensions should match snapshot 1`] = `
Object {
  "mode": "development",
  "resolve": Object {},
}
`;
